Time u_L2 u_Linf u_H1 v_L2 v_Linf v_H1 p_L2 p_Linf p_H1
1.280000e+04 4.061179e+02 1.006595e+00 4.065517e+02 4.631733e-01 1.044905e-01 6.211284e-01 3.381885e-02 1.492418e-02 4.396750e-02
1.280050e+04 4.061180e+02 1.006595e+00 4.065517e+02 4.631823e-01 1.044900e-01 6.211304e-01 3.390316e-02 1.480824e-02 4.371404e-02
1.280099e+04 4.061180e+02 1.006595e+00 4.065517e+02 4.631823e-01 1.044903e-01 6.211328e-01 3.382294e-02 1.481345e-02 4.365478e-02
1.280149e+04 4.061180e+02 1.006595e+00 4.065517e+02 4.631823e-01 1.044906e-01 6.211342e-01 3.379659e-02 1.481560e-02 4.363489e-02
1.280199e+04 4.061180e+02 1.006595e+00 4.065517e+02 4.631823e-01 1.044908e-01 6.211351e-01 3.377758e-02 1.481718e-02 4.362024e-02
1.280249e+04 4.061180e+02 1.006595e+00 4.065517e+02 4.631823e-01 1.044910e-01 6.211358e-01 3.377202e-02 1.481781e-02 4.361588e-02
1.280298e+04 4.061180e+02 1.006595e+00 4.065517e+02 4.631823e-01 1.044911e-01 6.211361e-01 3.377823e-02 1.481750e-02 4.362056e-02
1.280348e+04 4.061180e+02 1.006595e+00 4.065517e+02 4.631823e-01 1.044912e-01 6.211364e-01 3.378971e-02 1.481681e-02 4.362935e-02
1.280398e+04 4.061180e+02 1.006595e+00 4.065517e+02 4.631823e-01 1.044912e-01 6.211365e-01 3.380052e-02 1.481619e-02 4.363769e-02
1.280447e+04 4.061180e+02 1.006595e+00 4.065517e+02 4.631823e-01 1.044912e-01 6.211365e-01 3.380762e-02 1.481581e-02 4.364320e-02
1.280497e+04 4.061180e+02 1.006595e+00 4.065517e+02 4.631823e-01 1.044911e-01 6.211365e-01 3.380863e-02 1.481579e-02 4.364401e-02
1.280547e+04 4.061180e+02 1.006595e+00 4.065517e+02 4.631822e-01 1.044910e-01 6.211364e-01 3.380491e-02 1.481604e-02 4.364114e-02
1.280596e+04 4.061180e+02 1.006595e+00 4.065517e+02 4.631822e-01 1.044909e-01 6.211364e-01 3.380045e-02 1.481633e-02 4.363768e-02
1.280646e+04 4.061180e+02 1.006595e+00 4.065517e+02 4.631822e-01 1.044908e-01 6.211363e-01 3.379790e-02 1.481651e-02 4.363571e-02
1.280696e+04 4.061180e+02 1.006595e+00 4.065517e+02 4.631822e-01 1.044907e-01 6.211362e-01 3.379771e-02 1.481655e-02 4.363556e-02
1.280746e+04 4.061180e+02 1.006595e+00 4.065517e+02 4.631822e-01 1.044906e-01 6.211361e-01 3.379928e-02 1.481648e-02 4.363677e-02
1.280795e+04 4.061180e+02 1.006595e+00 4.065517e+02 4.631822e-01 1.044905e-01 6.211361e-01 3.380164e-02 1.481636e-02 4.363859e-02
1.280845e+04 4.061180e+02 1.006595e+00 4.065517e+02 4.631822e-01 1.044904e-01 6.211360e-01 3.380352e-02 1.481625e-02 4.364004e-02
1.280895e+04 4.061180e+02 1.006595e+00 4.065517e+02 4.631822e-01 1.044903e-01 6.211359e-01 3.380409e-02 1.481621e-02 4.364048e-02
1.280944e+04 4.061180e+02 1.006595e+00 4.065517e+02 4.631822e-01 1.044903e-01 6.211358e-01 3.380328e-02 1.481626e-02 4.363986e-02
1.280994e+04 4.061180e+02 1.006595e+00 4.065517e+02 4.631821e-01 1.044902e-01 6.211357e-01 3.380205e-02 1.481633e-02 4.363891e-02
1.281044e+04 4.061180e+02 1.006595e+00 4.065517e+02 4.631821e-01 1.044902e-01 6.211357e-01 3.380129e-02 1.481638e-02 4.363833e-02
1.281093e+04 4.061180e+02 1.006595e+00 4.065517e+02 4.631821e-01 1.044901e-01 6.211356e-01 3.380128e-02 1.481639e-02 4.363832e-02
1.281143e+04 4.061180e+02 1.006595e+00 4.065517e+02 4.631821e-01 1.044901e-01 6.211356e-01 3.380176e-02 1.481637e-02 4.363869e-02
1.281193e+04 4.061180e+02 1.006595e+00 4.065517e+02 4.631821e-01 1.044901e-01 6.211355e-01 3.380223e-02 1.481634e-02 4.363906e-02
1.281243e+04 4.061180e+02 1.006595e+00 4.065517e+02 4.631821e-01 1.044901e-01 6.211355e-01 3.380251e-02 1.481632e-02 4.363928e-02
1.281292e+04 4.061180e+02 1.006595e+00 4.065517e+02 4.631821e-01 1.044901e-01 6.211354e-01 3.380264e-02 1.481631e-02 4.363938e-02
1.281342e+04 4.061180e+02 1.006595e+00 4.065517e+02 4.631821e-01 1.044900e-01 6.211354e-01 3.380273e-02 1.481631e-02 4.363945e-02
1.281392e+04 4.061180e+02 1.006595e+00 4.065517e+02 4.631821e-01 1.044900e-01 6.211353e-01 3.380289e-02 1.481630e-02 4.363957e-02
1.281441e+04 4.061180e+02 1.006595e+00 4.065517e+02 4.631821e-01 1.044900e-01 6.211353e-01 3.380325e-02 1.481628e-02 4.363985e-02
1.281491e+04 4.061180e+02 1.006595e+00 4.065517e+02 4.631820e-01 1.044900e-01 6.211353e-01 3.380382e-02 1.481624e-02 4.364029e-02
1.281541e+04 4.061180e+02 1.006595e+00 4.065517e+02 4.631820e-01 1.044900e-01 6.211352e-01 3.380440e-02 1.481619e-02 4.364074e-02
1.281590e+04 4.061180e+02 1.006595e+00 4.065517e+02 4.631820e-01 1.044900e-01 6.211352e-01 3.380474e-02 1.481616e-02 4.364099e-02
1.281640e+04 4.061180e+02 1.006595e+00 4.065517e+02 4.631820e-01 1.044900e-01 6.211352e-01 3.380472e-02 1.481615e-02 4.364098e-02
1.281690e+04 4.061180e+02 1.006595e+00 4.065517e+02 4.631820e-01 1.044900e-01 6.211351e-01 3.380437e-02 1.481616e-02 4.364070e-02
1.281740e+04 4.061180e+02 1.006595e+00 4.065517e+02 4.631820e-01 1.044900e-01 6.211351e-01 3.380387e-02 1.481617e-02 4.364031e-02
1.281789e+04 4.061180e+02 1.006595e+00 4.065517e+02 4.631820e-01 1.044900e-01 6.211351e-01 3.380347e-02 1.481619e-02 4.363999e-02
1.281839e+04 4.061180e+02 1.006595e+00 4.065517e+02 4.631820e-01 1.044900e-01 6.211350e-01 3.380331e-02 1.481619e-02 4.363987e-02
1.281889e+04 4.061180e+02 1.006595e+00 4.065517e+02 4.631820e-01 1.044899e-01 6.211350e-01 3.380336e-02 1.481617e-02 4.363991e-02
1.281938e+04 4.061180e+02 1.006595e+00 4.065517e+02 4.631820e-01 1.044899e-01 6.211350e-01 3.380358e-02 1.481614e-02 4.364008e-02
1.281988e+04 4.061180e+02 1.006595e+00 4.065517e+02 4.631820e-01 1.044899e-01 6.211350e-01 3.380381e-02 1.481611e-02 4.364025e-02
1.282038e+04 4.061180e+02 1.006595e+00 4.065517e+02 4.631820e-01 1.044899e-01 6.211349e-01 3.380386e-02 1.481608e-02 4.364029e-02
1.282087e+04 4.061180e+02 1.006595e+00 4.065517e+02 4.631820e-01 1.044899e-01 6.211349e-01 3.380362e-02 1.481607e-02 4.364010e-02
1.282137e+04 4.061180e+02 1.006595e+00 4.065517e+02 4.631820e-01 1.044899e-01 6.211348e-01 3.380316e-02 1.481606e-02 4.363974e-02
1.282187e+04 4.061180e+02 1.006595e+00 4.065517e+02 4.631819e-01 1.044899e-01 6.211348e-01 3.380273e-02 1.481605e-02 4.363941e-02
1.282237e+04 4.061180e+02 1.006595e+00 4.065517e+02 4.631819e-01 1.044898e-01 6.211347e-01 3.380257e-02 1.481602e-02 4.363928e-02
1.282286e+04 4.061180e+02 1.006595e+00 4.065517e+02 4.631819e-01 1.044898e-01 6.211346e-01 3.380276e-02 1.481597e-02 4.363942e-02
1.282336e+04 4.061180e+02 1.006595e+00 4.065517e+02 4.631819e-01 1.044898e-01 6.211345e-01 3.380312e-02 1.481590e-02 4.363970e-02
1.282386e+04 4.061180e+02 1.006595e+00 4.065517e+02 4.631819e-01 1.044897e-01 6.211344e-01 3.380341e-02 1.481583e-02 4.363991e-02
1.282435e+04 4.061180e+02 1.006595e+00 4.065517e+02 4.631819e-01 1.044897e-01 6.211343e-01 3.380343e-02 1.481577e-02 4.363991e-02
1.282485e+04 4.061180e+02 1.006595e+00 4.065517e+02 4.631818e-01 1.044896e-01 6.211341e-01 3.380314e-02 1.481572e-02 4.363967e-02
1.282535e+04 4.061180e+02 1.006595e+00 4.065517e+02 4.631818e-01 1.044896e-01 6.211339e-01 3.380269e-02 1.481569e-02 4.363930e-02
1.282584e+04 4.061180e+02 1.006595e+00 4.065517e+02 4.631818e-01 1.044895e-01 6.211337e-01 3.380230e-02 1.481564e-02 4.363898e-02
1.282634e+04 4.061180e+02 1.006595e+00 4.065517e+02 4.631817e-01 1.044894e-01 6.211334e-01 3.380213e-02 1.481558e-02 4.363882e-02
1.282684e+04 4.061180e+02 1.006595e+00 4.065517e+02 4.631816e-01 1.044893e-01 6.211330e-01 3.380218e-02 1.481550e-02 4.363883e-02
1.282734e+04 4.061180e+02 1.006595e+00 4.065517e+02 4.631816e-01 1.044892e-01 6.211326e-01 3.380234e-02 1.481542e-02 4.363893e-02
1.282783e+04 4.061180e+02 1.006595e+00 4.065517e+02 4.631815e-01 1.044890e-01 6.211322e-01 3.380245e-02 1.481533e-02 4.363898e-02
1.282833e+04 4.061180e+02 1.006595e+00 4.065517e+02 4.631814e-01 1.044889e-01 6.211317e-01 3.380237e-02 1.481526e-02 4.363887e-02
1.282883e+04 4.061180e+02 1.006595e+00 4.065517e+02 4.631813e-01 1.044887e-01 6.211311e-01 3.380209e-02 1.481520e-02 4.363862e-02
1.282932e+04 4.061180e+02 1.006595e+00 4.065517e+02 4.631812e-01 1.044885e-01 6.211305e-01 3.380173e-02 1.481515e-02 4.363830e-02
1.282982e+04 4.061180e+02 1.006595e+00 4.065517e+02 4.631811e-01 1.044883e-01 6.211298e-01 3.380145e-02 1.481509e-02 4.363803e-02
1.283032e+04 4.061180e+02 1.006595e+00 4.065517e+02 4.631810e-01 1.044880e-01 6.211290e-01 3.380132e-02 1.481503e-02 4.363788e-02
1.283081e+04 4.061180e+02 1.006595e+00 4.065517e+02 4.631809e-01 1.044877e-01 6.211282e-01 3.380135e-02 1.481497e-02 4.363785e-02
1.283131e+04 4.061180e+02 1.006595e+00 4.065517e+02 4.631807e-01 1.044875e-01 6.211273e-01 3.380138e-02 1.481491e-02 4.363782e-02
1.283181e+04 4.061180e+02 1.006595e+00 4.065517e+02 4.631806e-01 1.044871e-01 6.211262e-01 3.380127e-02 1.481487e-02 4.363768e-02
1.283231e+04 4.061180e+02 1.006595e+00 4.065517e+02 4.631804e-01 1.044868e-01 6.211252e-01 3.380091e-02 1.481486e-02 4.363735e-02
1.283280e+04 4.061180e+02 1.006595e+00 4.065517e+02 4.631802e-01 1.044864e-01 6.211240e-01 3.380031e-02 1.481487e-02 4.363682e-02
1.283330e+04 4.061180e+02 1.006595e+00 4.065517e+02 4.631801e-01 1.044861e-01 6.211228e-01 3.379957e-02 1.481490e-02 4.363619e-02
1.283380e+04 4.061180e+02 1.006595e+00 4.065517e+02 4.631799e-01 1.044857e-01 6.211215e-01 3.379885e-02 1.481496e-02 4.363557e-02
1.283429e+04 4.061180e+02 1.006595e+00 4.065517e+02 4.631797e-01 1.044852e-01 6.211202e-01 3.379826e-02 1.481501e-02 4.363507e-02
1.283479e+04 4.061180e+02 1.006595e+00 4.065517e+02 4.631795e-01 1.044848e-01 6.211188e-01 3.379787e-02 1.481508e-02 4.363471e-02
