Time u_L2 u_Linf u_H1 v_L2 v_Linf v_H1 p_L2 p_Linf p_H1
2.528750e+04 4.068420e+02 1.006661e+00 4.072760e+02 4.711566e-01 1.162872e-01 6.626397e-01 3.890266e-02 1.671549e-02 4.840633e-02
2.528800e+04 4.068417e+02 1.006659e+00 4.072757e+02 4.711212e-01 1.162887e-01 6.626323e-01 3.873517e-02 1.710178e-02 4.909208e-02
2.528849e+04 4.068417e+02 1.006659e+00 4.072757e+02 4.711214e-01 1.162879e-01 6.626233e-01 3.885590e-02 1.707911e-02 4.917731e-02
2.528899e+04 4.068417e+02 1.006659e+00 4.072757e+02 4.711214e-01 1.162869e-01 6.626179e-01 3.891577e-02 1.707175e-02 4.922296e-02
2.528949e+04 4.068417e+02 1.006659e+00 4.072757e+02 4.711214e-01 1.162861e-01 6.626144e-01 3.896326e-02 1.706675e-02 4.926029e-02
2.528999e+04 4.068417e+02 1.006659e+00 4.072757e+02 4.711214e-01 1.162854e-01 6.626121e-01 3.898469e-02 1.706468e-02 4.927740e-02
2.529048e+04 4.068417e+02 1.006659e+00 4.072757e+02 4.711213e-01 1.162850e-01 6.626107e-01 3.897128e-02 1.706529e-02 4.926711e-02
2.529098e+04 4.068417e+02 1.006659e+00 4.072757e+02 4.711213e-01 1.162847e-01 6.626098e-01 3.894948e-02 1.706710e-02 4.925012e-02
2.529148e+04 4.068417e+02 1.006659e+00 4.072757e+02 4.711212e-01 1.162846e-01 6.626094e-01 3.893428e-02 1.706895e-02 4.923819e-02
2.529197e+04 4.068417e+02 1.006659e+00 4.072757e+02 4.711213e-01 1.162847e-01 6.626093e-01 3.892727e-02 1.707019e-02 4.923260e-02
2.529247e+04 4.068417e+02 1.006659e+00 4.072757e+02 4.711213e-01 1.162849e-01 6.626093e-01 3.892597e-02 1.707034e-02 4.923150e-02
2.529297e+04 4.068417e+02 1.006659e+00 4.072757e+02 4.711213e-01 1.162852e-01 6.626094e-01 3.892807e-02 1.706964e-02 4.923313e-02
2.529346e+04 4.068417e+02 1.006659e+00 4.072757e+02 4.711213e-01 1.162856e-01 6.626096e-01 3.893209e-02 1.706877e-02 4.923631e-02
2.529396e+04 4.068417e+02 1.006659e+00 4.072757e+02 4.711213e-01 1.162860e-01 6.626098e-01 3.893534e-02 1.706816e-02 4.923889e-02
2.529446e+04 4.068417e+02 1.006659e+00 4.072757e+02 4.711213e-01 1.162863e-01 6.626100e-01 3.893554e-02 1.706801e-02 4.923906e-02
2.529496e+04 4.068417e+02 1.006659e+00 4.072757e+02 4.711213e-01 1.162867e-01 6.626103e-01 3.893292e-02 1.706821e-02 4.923701e-02
2.529545e+04 4.068417e+02 1.006659e+00 4.072757e+02 4.711213e-01 1.162870e-01 6.626105e-01 3.892913e-02 1.706860e-02 4.923404e-02
2.529595e+04 4.068417e+02 1.006659e+00 4.072757e+02 4.711213e-01 1.162873e-01 6.626107e-01 3.892592e-02 1.706897e-02 4.923152e-02
2.529645e+04 4.068417e+02 1.006659e+00 4.072757e+02 4.711213e-01 1.162875e-01 6.626110e-01 3.892402e-02 1.706917e-02 4.923002e-02
2.529694e+04 4.068417e+02 1.006659e+00 4.072757e+02 4.711213e-01 1.162877e-01 6.626112e-01 3.892358e-02 1.706912e-02 4.922966e-02
2.529744e+04 4.068417e+02 1.006659e+00 4.072757e+02 4.711213e-01 1.162878e-01 6.626114e-01 3.892396e-02 1.706892e-02 4.922995e-02
2.529794e+04 4.068417e+02 1.006659e+00 4.072757e+02 4.711213e-01 1.162879e-01 6.626115e-01 3.892441e-02 1.706875e-02 4.923030e-02
2.529843e+04 4.068417e+02 1.006659e+00 4.072757e+02 4.711213e-01 1.162880e-01 6.626117e-01 3.892463e-02 1.706868e-02 4.923045e-02
2.529893e+04 4.068417e+02 1.006659e+00 4.072757e+02 4.711213e-01 1.162880e-01 6.626118e-01 3.892469e-02 1.706869e-02 4.923049e-02
2.529943e+04 4.068417e+02 1.006659e+00 4.072757e+02 4.711214e-01 1.162881e-01 6.626120e-01 3.892480e-02 1.706874e-02 4.923057e-02
2.529993e+04 4.068417e+02 1.006659e+00 4.072757e+02 4.711214e-01 1.162881e-01 6.626121e-01 3.892500e-02 1.706877e-02 4.923072e-02
2.530042e+04 4.068417e+02 1.006659e+00 4.072757e+02 4.711214e-01 1.162881e-01 6.626122e-01 3.892517e-02 1.706880e-02 4.923085e-02
2.530092e+04 4.068417e+02 1.006659e+00 4.072757e+02 4.711214e-01 1.162881e-01 6.626123e-01 3.892524e-02 1.706880e-02 4.923089e-02
2.530142e+04 4.068417e+02 1.006659e+00 4.072757e+02 4.711214e-01 1.162881e-01 6.626123e-01 3.892503e-02 1.706881e-02 4.923073e-02
2.530191e+04 4.068417e+02 1.006659e+00 4.072757e+02 4.711214e-01 1.162882e-01 6.626124e-01 3.892445e-02 1.706887e-02 4.923026e-02
2.530241e+04 4.068417e+02 1.006659e+00 4.072757e+02 4.711214e-01 1.162882e-01 6.626124e-01 3.892357e-02 1.706898e-02 4.922958e-02
2.530291e+04 4.068417e+02 1.006659e+00 4.072757e+02 4.711214e-01 1.162882e-01 6.626125e-01 3.892272e-02 1.706912e-02 4.922890e-02
2.530340e+04 4.068417e+02 1.006659e+00 4.072757e+02 4.711214e-01 1.162882e-01 6.626125e-01 3.892219e-02 1.706922e-02 4.922849e-02
2.530390e+04 4.068417e+02 1.006659e+00 4.072757e+02 4.711214e-01 1.162882e-01 6.626125e-01 3.892210e-02 1.706925e-02 4.922842e-02
2.530440e+04 4.068417e+02 1.006659e+00 4.072757e+02 4.711214e-01 1.162882e-01 6.626125e-01 3.892239e-02 1.706920e-02 4.922867e-02
2.530490e+04 4.068417e+02 1.006659e+00 4.072757e+02 4.711214e-01 1.162882e-01 6.626125e-01 3.892291e-02 1.706911e-02 4.922908e-02
2.530539e+04 4.068417e+02 1.006659e+00 4.072757e+02 4.711214e-01 1.162882e-01 6.626125e-01 3.892338e-02 1.706903e-02 4.922947e-02
2.530589e+04 4.068417e+02 1.006659e+00 4.072757e+02 4.711214e-01 1.162881e-01 6.626125e-01 3.892362e-02 1.706898e-02 4.922966e-02
2.530639e+04 4.068417e+02 1.006659e+00 4.072757e+02 4.711214e-01 1.162881e-01 6.626124e-01 3.892357e-02 1.706899e-02 4.922962e-02
2.530688e+04 4.068417e+02 1.006659e+00 4.072757e+02 4.711214e-01 1.162881e-01 6.626124e-01 3.892328e-02 1.706903e-02 4.922940e-02
2.530738e+04 4.068417e+02 1.006659e+00 4.072757e+02 4.711213e-01 1.162881e-01 6.626123e-01 3.892292e-02 1.706909e-02 4.922912e-02
2.530788e+04 4.068417e+02 1.006659e+00 4.072757e+02 4.711213e-01 1.162880e-01 6.626123e-01 3.892270e-02 1.706912e-02 4.922895e-02
2.530837e+04 4.068417e+02 1.006659e+00 4.072757e+02 4.711213e-01 1.162880e-01 6.626122e-01 3.892276e-02 1.706911e-02 4.922899e-02
2.530887e+04 4.068417e+02 1.006659e+00 4.072757e+02 4.711213e-01 1.162880e-01 6.626121e-01 3.892305e-02 1.706906e-02 4.922922e-02
2.530937e+04 4.068417e+02 1.006659e+00 4.072757e+02 4.711213e-01 1.162879e-01 6.626120e-01 3.892337e-02 1.706900e-02 4.922948e-02
2.530987e+04 4.068417e+02 1.006659e+00 4.072757e+02 4.711212e-01 1.162879e-01 6.626118e-01 3.892349e-02 1.706899e-02 4.922956e-02
2.531036e+04 4.068417e+02 1.006659e+00 4.072757e+02 4.711212e-01 1.162878e-01 6.626117e-01 3.892333e-02 1.706905e-02 4.922943e-02
2.531086e+04 4.068417e+02 1.006659e+00 4.072757e+02 4.711211e-01 1.162877e-01 6.626115e-01 3.892302e-02 1.706914e-02 4.922918e-02
2.531136e+04 4.068417e+02 1.006659e+00 4.072757e+02 4.711211e-01 1.162877e-01 6.626113e-01 3.892277e-02 1.706923e-02 4.922898e-02
2.531185e+04 4.068417e+02 1.006659e+00 4.072757e+02 4.711210e-01 1.162876e-01 6.626110e-01 3.892269e-02 1.706928e-02 4.922891e-02
2.531235e+04 4.068417e+02 1.006659e+00 4.072757e+02 4.711209e-01 1.162875e-01 6.626107e-01 3.892278e-02 1.706930e-02 4.922897e-02
2.531285e+04 4.068417e+02 1.006659e+00 4.072757e+02 4.711209e-01 1.162874e-01 6.626104e-01 3.892293e-02 1.706929e-02 4.922907e-02
2.531334e+04 4.068417e+02 1.006659e+00 4.072757e+02 4.711208e-01 1.162873e-01 6.626101e-01 3.892300e-02 1.706931e-02 4.922912e-02
2.531384e+04 4.068417e+02 1.006659e+00 4.072757e+02 4.711207e-01 1.162872e-01 6.626097e-01 3.892288e-02 1.706937e-02 4.922901e-02
2.531434e+04 4.068417e+02 1.006659e+00 4.072757e+02 4.711206e-01 1.162871e-01 6.626094e-01 3.892253e-02 1.706949e-02 4.922872e-02
2.531484e+04 4.068417e+02 1.006659e+00 4.072757e+02 4.711205e-01 1.162870e-01 6.626090e-01 3.892204e-02 1.706965e-02 4.922831e-02
2.531533e+04 4.068417e+02 1.006659e+00 4.072757e+02 4.711204e-01 1.162869e-01 6.626085e-01 3.892159e-02 1.706983e-02 4.922794e-02
2.531583e+04 4.068417e+02 1.006659e+00 4.072757e+02 4.711203e-01 1.162868e-01 6.626081e-01 3.892132e-02 1.707000e-02 4.922771e-02
2.531633e+04 4.068417e+02 1.006659e+00 4.072757e+02 4.711202e-01 1.162867e-01 6.626077e-01 3.892124e-02 1.707016e-02 4.922764e-02
2.531682e+04 4.068417e+02 1.006659e+00 4.072757e+02 4.711201e-01 1.162866e-01 6.626073e-01 3.892126e-02 1.707031e-02 4.922765e-02
2.531732e+04 4.068417e+02 1.006659e+00 4.072757e+02 4.711200e-01 1.162866e-01 6.626069e-01 3.892122e-02 1.707050e-02 4.922762e-02
2.531782e+04 4.068417e+02 1.006659e+00 4.072757e+02 4.711199e-01 1.162865e-01 6.626066e-01 3.892102e-02 1.707076e-02 4.922747e-02
2.531831e+04 4.068417e+02 1.006659e+00 4.072757e+02 4.711198e-01 1.162865e-01 6.626064e-01 3.892067e-02 1.707107e-02 4.922721e-02
2.531881e+04 4.068417e+02 1.006659e+00 4.072757e+02 4.711198e-01 1.162865e-01 6.626062e-01 3.892029e-02 1.707143e-02 4.922694e-02
2.531931e+04 4.068417e+02 1.006659e+00 4.072757e+02 4.711198e-01 1.162865e-01 6.626061e-01 3.892003e-02 1.707180e-02 4.922678e-02
2.531981e+04 4.068417e+02 1.006659e+00 4.072757e+02 4.711198e-01 1.162866e-01 6.626062e-01 3.892004e-02 1.707215e-02 4.922683e-02
2.532030e+04 4.068417e+02 1.006659e+00 4.072757e+02 4.711198e-01 1.162867e-01 6.626064e-01 3.892033e-02 1.707248e-02 4.922714e-02
2.532080e+04 4.068417e+02 1.006659e+00 4.072757e+02 4.711199e-01 1.162869e-01 6.626068e-01 3.892087e-02 1.707281e-02 4.922765e-02
2.532130e+04 4.068417e+02 1.006659e+00 4.072757e+02 4.711200e-01 1.162871e-01 6.626074e-01 3.892154e-02 1.707316e-02 4.922829e-02
2.532179e+04 4.068417e+02 1.006659e+00 4.072757e+02 4.711202e-01 1.162874e-01 6.626083e-01 3.892221e-02 1.707355e-02 4.922895e-02
2.532229e+04 4.068417e+02 1.006659e+00 4.072757e+02 4.711204e-01 1.162878e-01 6.626095e-01 3.892283e-02 1.707400e-02 4.922959e-02
